\BOOKMARK [1][-]{section*.2}{\376\377\000E\000s\000c\000a\000n\000e\000a\000\040\000y\000\040\000E\000n\000t\000r\000a\000:\000\040\000P\000r\000o\000t\000o\000t\000i\000p\000o\000\040\000d\000e\000\040\000A\000c\000c\000e\000s\000o\000\040\000Q\000R\000\040\000p\000a\000r\000a\000\040\000e\000l\000\040\000T\000E\000S\000C\000H\000A}{}% 1
\BOOKMARK [1][-]{section*.3}{\376\377\000T\000e\000m\000a}{}% 2
\BOOKMARK [1][-]{section*.4}{\376\377\000D\000e\000l\000i\000m\000i\000t\000a\000c\000i\000\363\000n}{}% 3
\BOOKMARK [1][-]{section*.6}{\376\377\000P\000r\000o\000b\000l\000e\000m\000a\000\040\000d\000e\000\040\000I\000n\000v\000e\000s\000t\000i\000g\000a\000c\000i\000\363\000n}{}% 4
\BOOKMARK [2][-]{section*.7}{\376\377\000L\000a\000\040\000S\000i\000t\000u\000a\000c\000i\000\363\000n}{section*.6}% 5
\BOOKMARK [2][-]{section*.8}{\376\377\000L\000a\000\040\000I\000m\000p\000o\000r\000t\000a\000n\000c\000i\000a}{section*.6}% 6
\BOOKMARK [2][-]{section*.9}{\376\377\000L\000o\000\040\000q\000u\000e\000\040\000D\000e\000s\000c\000o\000n\000o\000c\000e\000m\000o\000s}{section*.6}% 7
\BOOKMARK [2][-]{section*.15}{\376\377\000L\000a\000\040\000V\000i\000a\000b\000i\000l\000i\000d\000a\000d}{section*.6}% 8
\BOOKMARK [1][-]{section*.17}{\376\377\000P\000r\000e\000g\000u\000n\000t\000a\000\040\000d\000e\000\040\000I\000n\000v\000e\000s\000t\000i\000g\000a\000c\000i\000\363\000n}{}% 9
\BOOKMARK [1][-]{section*.18}{\376\377\000\277\000C\000\363\000m\000o\000\040\000D\000e\000b\000e\000m\000o\000s\000\040\000I\000n\000v\000e\000s\000t\000i\000g\000a\000r\000l\000o\000?}{}% 10
\BOOKMARK [2][-]{section*.19}{\376\377\000F\000i\000n\000a\000l\000i\000d\000a\000d}{section*.18}% 11
\BOOKMARK [2][-]{section*.20}{\376\377\000E\000n\000f\000o\000q\000u\000e}{section*.18}% 12
\BOOKMARK [2][-]{section*.21}{\376\377\000A\000l\000c\000a\000n\000c\000e}{section*.18}% 13
\BOOKMARK [2][-]{section*.22}{\376\377\000O\000b\000t\000e\000n\000c\000i\000\363\000n\000\040\000d\000e\000\040\000I\000n\000f\000o\000r\000m\000a\000c\000i\000\363\000n}{section*.18}% 14
\BOOKMARK [2][-]{section*.23}{\376\377\000T\000\351\000c\000n\000i\000c\000a\000\040\000e\000\040\000I\000n\000s\000t\000r\000u\000m\000e\000n\000t\000o\000\040\000d\000e\000\040\000R\000e\000c\000o\000l\000e\000c\000c\000i\000\363\000n\000\040\000d\000e\000\040\000D\000a\000t\000o\000s}{section*.18}% 15
\BOOKMARK [2][-]{section*.24}{\376\377\000C\000o\000n\000t\000r\000o\000l\000\040\000d\000e\000\040\000V\000a\000r\000i\000a\000b\000l\000e\000s}{section*.18}% 16
\BOOKMARK [2][-]{section*.25}{\376\377\000T\000e\000m\000p\000o\000r\000a\000l\000i\000d\000a\000d}{section*.18}% 17
\BOOKMARK [2][-]{section*.26}{\376\377\000D\000i\000s\000e\000\361\000o}{section*.18}% 18
\BOOKMARK [1][-]{section*.27}{\376\377\000R\000e\000f\000e\000r\000e\000n\000c\000i\000a\000s}{}% 19
\BOOKMARK [1][-]{appendix.1}{\376\377\000A\000p\000\351\000n\000d\000i\000c\000e\000\040\000A\000:\000\040\000E\000n\000c\000u\000e\000s\000t\000a\000\040\000a\000\040\000E\000s\000t\000u\000d\000i\000a\000n\000t\000e\000s\000\040\000s\000o\000b\000r\000e\000\040\000e\000l\000\040\000A\000c\000c\000e\000s\000o\000\040\000a\000l\000\040\000P\000l\000a\000n\000t\000e\000l}{}% 20
\BOOKMARK [2][-]{section*.28}{\376\377\000A\000p\000l\000i\000c\000a\000c\000i\000\363\000n}{appendix.1}% 21
\BOOKMARK [2][-]{section*.29}{\376\377\000I\000n\000s\000t\000r\000u\000m\000e\000n\000t\000o}{appendix.1}% 22
\BOOKMARK [1][-]{appendix.2}{\376\377\000A\000p\000\351\000n\000d\000i\000c\000e\000\040\000B\000:\000\040\000G\000u\000\355\000a\000\040\000d\000e\000\040\000E\000n\000t\000r\000e\000v\000i\000s\000t\000a\000\040\000a\000l\000\040\000P\000e\000r\000s\000o\000n\000a\000l\000\040\000d\000e\000\040\000V\000i\000g\000i\000l\000a\000n\000c\000i\000a\000\040\000y\000\040\000d\000e\000\040\000C\000o\000n\000t\000r\000o\000l\000\040\000E\000s\000c\000o\000l\000a\000r}{}% 23
\BOOKMARK [2][-]{section*.30}{\376\377\000P\000e\000r\000s\000o\000n\000a\000l\000\040\000d\000e\000\040\000V\000i\000g\000i\000l\000a\000n\000c\000i\000a}{appendix.2}% 24
\BOOKMARK [2][-]{section*.31}{\376\377\000D\000e\000p\000a\000r\000t\000a\000m\000e\000n\000t\000o\000\040\000d\000e\000\040\000C\000o\000n\000t\000r\000o\000l\000\040\000E\000s\000c\000o\000l\000a\000r}{appendix.2}% 25
\BOOKMARK [1][-]{appendix.3}{\376\377\000A\000p\000\351\000n\000d\000i\000c\000e\000\040\000C\000:\000\040\000H\000o\000j\000a\000\040\000d\000e\000\040\000O\000b\000s\000e\000r\000v\000a\000c\000i\000\363\000n\000\040\000d\000e\000l\000\040\000F\000l\000u\000j\000o\000\040\000e\000n\000\040\000e\000l\000\040\000A\000c\000c\000e\000s\000o}{}% 26
\BOOKMARK [2][-]{section*.32}{\376\377\000P\000r\000o\000c\000e\000d\000i\000m\000i\000e\000n\000t\000o}{appendix.3}% 27
\BOOKMARK [2][-]{section*.33}{\376\377\000F\000o\000r\000m\000a\000t\000o}{appendix.3}% 28
\BOOKMARK [2][-]{section*.34}{\376\377\000A\000n\000\341\000l\000i\000s\000i\000s}{appendix.3}% 29
\BOOKMARK [1][-]{appendix.4}{\376\377\000A\000p\000\351\000n\000d\000i\000c\000e\000\040\000D\000:\000\040\000P\000l\000a\000n\000\040\000d\000e\000\040\000A\000c\000c\000i\000\363\000n\000\040\000P\000r\000e\000l\000i\000m\000i\000n\000a\000r}{}% 30
